Label,Level,RuleId,Message,Xpath,Help
"report1","violation","html_lang_exists","Page detected as HTML, but does not have a 'lang' attribute","/html[1]","https://able.ibm.com/rules/archives/preview/doc/en-US/html_lang_exists.html#%7B%22message%22%3A%22Page%20detected%20as%20HTML%2C%20but%20does%20not%20have%20a%20'lang'%20attribute%22%2C%22snippet%22%3A%22%3Chtml%3E%22%2C%22value%22%3A%5B%22VIOLATION%22%2C%22FAIL%22%5D%2C%22reasonId%22%3A%22Fail_3%22%2C%22ruleId%22%3A%22html_lang_exists%22%7D"
"report1","potentialviolation","html_skipnav_exists","Verify there is a way to bypass blocks of content that are repeated on multiple Web pages","/html[1]","https://able.ibm.com/rules/archives/preview/doc/en-US/html_skipnav_exists.html#%7B%22message%22%3A%22Verify%20there%20is%20a%20way%20to%20bypass%20blocks%20of%20content%20that%20are%20repeated%20on%20multiple%20Web%20pages%22%2C%22snippet%22%3A%22%3Chtml%3E%22%2C%22value%22%3A%5B%22VIOLATION%22%2C%22POTENTIAL%22%5D%2C%22reasonId%22%3A%22Potential_1%22%2C%22ruleId%22%3A%22html_skipnav_exists%22%7D"
"report1","violation","page_title_exists","Missing <title> element in <head> element","/html[1]","https://able.ibm.com/rules/archives/preview/doc/en-US/page_title_exists.html#%7B%22message%22%3A%22Missing%20%3Ctitle%3E%20element%20in%20%3Chead%3E%20element%22%2C%22snippet%22%3A%22%3Chtml%3E%22%2C%22value%22%3A%5B%22VIOLATION%22%2C%22FAIL%22%5D%2C%22reasonId%22%3A%22Fail_2%22%2C%22ruleId%22%3A%22page_title_exists%22%7D"
"report1","pass","aria_content_in_landmark","Rule Passed","/html[1]","https://able.ibm.com/rules/archives/preview/doc/en-US/aria_content_in_landmark.html#%7B%22message%22%3A%22Rule%20Passed%22%2C%22snippet%22%3A%22%3Chtml%3E%22%2C%22value%22%3A%5B%22VIOLATION%22%2C%22PASS%22%5D%2C%22reasonId%22%3A%22Pass_0%22%2C%22ruleId%22%3A%22aria_content_in_landmark%22%7D"
"report1","pass","emoticons_alt_exists","Rule Passed","/html[1]","https://able.ibm.com/rules/archives/preview/doc/en-US/emoticons_alt_exists.html#%7B%22message%22%3A%22Rule%20Passed%22%2C%22snippet%22%3A%22%3Chtml%3E%22%2C%22value%22%3A%5B%22VIOLATION%22%2C%22PASS%22%5D%2C%22reasonId%22%3A%22Pass_0%22%2C%22ruleId%22%3A%22emoticons_alt_exists%22%7D"
"report1","pass","img_alt_background","Rule Passed","/html[1]","https://able.ibm.com/rules/archives/preview/doc/en-US/img_alt_background.html#%7B%22message%22%3A%22Rule%20Passed%22%2C%22snippet%22%3A%22%3Chtml%3E%22%2C%22value%22%3A%5B%22RECOMMENDATION%22%2C%22PASS%22%5D%2C%22reasonId%22%3A%22Pass_0%22%2C%22ruleId%22%3A%22img_alt_background%22%7D"
"report1","pass","list_markup_review","Rule Passed","/html[1]","https://able.ibm.com/rules/archives/preview/doc/en-US/list_markup_review.html#%7B%22message%22%3A%22Rule%20Passed%22%2C%22snippet%22%3A%22%3Chtml%3E%22%2C%22value%22%3A%5B%22VIOLATION%22%2C%22PASS%22%5D%2C%22reasonId%22%3A%22Pass_0%22%2C%22ruleId%22%3A%22list_markup_review%22%7D"
"report1","pass","aria_content_in_landmark","Rule Passed","/html[1]/head[1]","https://able.ibm.com/rules/archives/preview/doc/en-US/aria_content_in_landmark.html#%7B%22message%22%3A%22Rule%20Passed%22%2C%22snippet%22%3A%22%3Chead%3E%22%2C%22value%22%3A%5B%22VIOLATION%22%2C%22PASS%22%5D%2C%22reasonId%22%3A%22Pass_0%22%2C%22ruleId%22%3A%22aria_content_in_landmark%22%7D"
"report1","pass","emoticons_alt_exists","Rule Passed","/html[1]/head[1]","https://able.ibm.com/rules/archives/preview/doc/en-US/emoticons_alt_exists.html#%7B%22message%22%3A%22Rule%20Passed%22%2C%22snippet%22%3A%22%3Chead%3E%22%2C%22value%22%3A%5B%22VIOLATION%22%2C%22PASS%22%5D%2C%22reasonId%22%3A%22Pass_0%22%2C%22ruleId%22%3A%22emoticons_alt_exists%22%7D"
"report1","pass","img_alt_background","Rule Passed","/html[1]/head[1]","https://able.ibm.com/rules/archives/preview/doc/en-US/img_alt_background.html#%7B%22message%22%3A%22Rule%20Passed%22%2C%22snippet%22%3A%22%3Chead%3E%22%2C%22value%22%3A%5B%22RECOMMENDATION%22%2C%22PASS%22%5D%2C%22reasonId%22%3A%22Pass_0%22%2C%22ruleId%22%3A%22img_alt_background%22%7D"
"report1","pass","list_markup_review","Rule Passed","/html[1]/head[1]","https://able.ibm.com/rules/archives/preview/doc/en-US/list_markup_review.html#%7B%22message%22%3A%22Rule%20Passed%22%2C%22snippet%22%3A%22%3Chead%3E%22%2C%22value%22%3A%5B%22VIOLATION%22%2C%22PASS%22%5D%2C%22reasonId%22%3A%22Pass_0%22%2C%22ruleId%22%3A%22list_markup_review%22%7D"
"report1","violation","skip_main_exists","The page does not provide a way to quickly navigate to the main content (ARIA ""main"" landmark or a skip link)","/html[1]/body[1]","https://able.ibm.com/rules/archives/preview/doc/en-US/skip_main_exists.html#%7B%22message%22%3A%22The%20page%20does%20not%20provide%20a%20way%20to%20quickly%20navigate%20to%20the%20main%20content%20(ARIA%20%5C%22main%5C%22%20landmark%20or%20a%20skip%20link)%22%2C%22snippet%22%3A%22%3Cbody%3E%22%2C%22value%22%3A%5B%22VIOLATION%22%2C%22FAIL%22%5D%2C%22reasonId%22%3A%22Fail_1%22%2C%22ruleId%22%3A%22skip_main_exists%22%7D"
"report1","pass","text_sensory_misuse","Rule Passed","/html[1]/body[1]","https://able.ibm.com/rules/archives/preview/doc/en-US/text_sensory_misuse.html#%7B%22message%22%3A%22Rule%20Passed%22%2C%22snippet%22%3A%22%3Cbody%3E%22%2C%22value%22%3A%5B%22VIOLATION%22%2C%22PASS%22%5D%2C%22reasonId%22%3A%22Pass_0%22%2C%22ruleId%22%3A%22text_sensory_misuse%22%7D"
"report1","pass","aria_content_in_landmark","Rule Passed","/html[1]/body[1]","https://able.ibm.com/rules/archives/preview/doc/en-US/aria_content_in_landmark.html#%7B%22message%22%3A%22Rule%20Passed%22%2C%22snippet%22%3A%22%3Cbody%3E%22%2C%22value%22%3A%5B%22VIOLATION%22%2C%22PASS%22%5D%2C%22reasonId%22%3A%22Pass_0%22%2C%22ruleId%22%3A%22aria_content_in_landmark%22%7D"
"report1","pass","emoticons_alt_exists","Rule Passed","/html[1]/body[1]","https://able.ibm.com/rules/archives/preview/doc/en-US/emoticons_alt_exists.html#%7B%22message%22%3A%22Rule%20Passed%22%2C%22snippet%22%3A%22%3Cbody%3E%22%2C%22value%22%3A%5B%22VIOLATION%22%2C%22PASS%22%5D%2C%22reasonId%22%3A%22Pass_0%22%2C%22ruleId%22%3A%22emoticons_alt_exists%22%7D"
"report1","pass","img_alt_background","Rule Passed","/html[1]/body[1]","https://able.ibm.com/rules/archives/preview/doc/en-US/img_alt_background.html#%7B%22message%22%3A%22Rule%20Passed%22%2C%22snippet%22%3A%22%3Cbody%3E%22%2C%22value%22%3A%5B%22RECOMMENDATION%22%2C%22PASS%22%5D%2C%22reasonId%22%3A%22Pass_0%22%2C%22ruleId%22%3A%22img_alt_background%22%7D"
"report1","pass","list_markup_review","Rule Passed","/html[1]/body[1]","https://able.ibm.com/rules/archives/preview/doc/en-US/list_markup_review.html#%7B%22message%22%3A%22Rule%20Passed%22%2C%22snippet%22%3A%22%3Cbody%3E%22%2C%22value%22%3A%5B%22VIOLATION%22%2C%22PASS%22%5D%2C%22reasonId%22%3A%22Pass_0%22%2C%22ruleId%22%3A%22list_markup_review%22%7D"
"report1","pass","text_quoted_correctly","Rule Passed","/html[1]/body[1]","https://able.ibm.com/rules/archives/preview/doc/en-US/text_quoted_correctly.html#%7B%22message%22%3A%22Rule%20Passed%22%2C%22snippet%22%3A%22%3Cbody%3E%22%2C%22value%22%3A%5B%22VIOLATION%22%2C%22PASS%22%5D%2C%22reasonId%22%3A%22Pass_0%22%2C%22ruleId%22%3A%22text_quoted_correctly%22%7D"
"report1","pass","text_whitespace_valid","Rule Passed","/html[1]/body[1]","https://able.ibm.com/rules/archives/preview/doc/en-US/text_whitespace_valid.html#%7B%22message%22%3A%22Rule%20Passed%22%2C%22snippet%22%3A%22%3Cbody%3E%22%2C%22value%22%3A%5B%22VIOLATION%22%2C%22PASS%22%5D%2C%22reasonId%22%3A%22pass%22%2C%22ruleId%22%3A%22text_whitespace_valid%22%7D"
"report1","pass","img_alt_misuse","Rule Passed","/html[1]/body[1]/img[1]","https://able.ibm.com/rules/archives/preview/doc/en-US/img_alt_misuse.html#%7B%22message%22%3A%22Rule%20Passed%22%2C%22snippet%22%3A%22%3Cimg%20id%3D%5C%22ace%5C%22%20src%3D%5C%22fail.png%5C%22%3E%22%2C%22value%22%3A%5B%22VIOLATION%22%2C%22PASS%22%5D%2C%22reasonId%22%3A%22Pass_0%22%2C%22ruleId%22%3A%22img_alt_misuse%22%7D"
"report1","violation","img_alt_valid","The image has neither an alt atttribute nor an ARIA label or title","/html[1]/body[1]/img[1]","https://able.ibm.com/rules/archives/preview/doc/en-US/img_alt_valid.html#%7B%22message%22%3A%22The%20image%20has%20neither%20an%20alt%20atttribute%20nor%20an%20ARIA%20label%20or%20title%22%2C%22snippet%22%3A%22%3Cimg%20id%3D%5C%22ace%5C%22%20src%3D%5C%22fail.png%5C%22%3E%22%2C%22value%22%3A%5B%22VIOLATION%22%2C%22FAIL%22%5D%2C%22reasonId%22%3A%22fail_no_alt%22%2C%22ruleId%22%3A%22img_alt_valid%22%7D"
"report1","pass","aria_content_in_landmark","Rule Passed","/html[1]/body[1]/img[1]","https://able.ibm.com/rules/archives/preview/doc/en-US/aria_content_in_landmark.html#%7B%22message%22%3A%22Rule%20Passed%22%2C%22snippet%22%3A%22%3Cimg%20id%3D%5C%22ace%5C%22%20src%3D%5C%22fail.png%5C%22%3E%22%2C%22value%22%3A%5B%22VIOLATION%22%2C%22PASS%22%5D%2C%22reasonId%22%3A%22Pass_0%22%2C%22ruleId%22%3A%22aria_content_in_landmark%22%7D"
"report1","pass","element_id_unique","Rule Passed","/html[1]/body[1]/img[1]","https://able.ibm.com/rules/archives/preview/doc/en-US/element_id_unique.html#%7B%22message%22%3A%22Rule%20Passed%22%2C%22snippet%22%3A%22%3Cimg%20id%3D%5C%22ace%5C%22%20src%3D%5C%22fail.png%5C%22%3E%22%2C%22value%22%3A%5B%22VIOLATION%22%2C%22PASS%22%5D%2C%22reasonId%22%3A%22Pass_0%22%2C%22ruleId%22%3A%22element_id_unique%22%7D"
"report1","pass","emoticons_alt_exists","Rule Passed","/html[1]/body[1]/img[1]","https://able.ibm.com/rules/archives/preview/doc/en-US/emoticons_alt_exists.html#%7B%22message%22%3A%22Rule%20Passed%22%2C%22snippet%22%3A%22%3Cimg%20id%3D%5C%22ace%5C%22%20src%3D%5C%22fail.png%5C%22%3E%22%2C%22value%22%3A%5B%22VIOLATION%22%2C%22PASS%22%5D%2C%22reasonId%22%3A%22Pass_0%22%2C%22ruleId%22%3A%22emoticons_alt_exists%22%7D"
"report1","pass","img_alt_background","Rule Passed","/html[1]/body[1]/img[1]","https://able.ibm.com/rules/archives/preview/doc/en-US/img_alt_background.html#%7B%22message%22%3A%22Rule%20Passed%22%2C%22snippet%22%3A%22%3Cimg%20id%3D%5C%22ace%5C%22%20src%3D%5C%22fail.png%5C%22%3E%22%2C%22value%22%3A%5B%22RECOMMENDATION%22%2C%22PASS%22%5D%2C%22reasonId%22%3A%22Pass_0%22%2C%22ruleId%22%3A%22img_alt_background%22%7D"
"report1","pass","list_markup_review","Rule Passed","/html[1]/body[1]/img[1]","https://able.ibm.com/rules/archives/preview/doc/en-US/list_markup_review.html#%7B%22message%22%3A%22Rule%20Passed%22%2C%22snippet%22%3A%22%3Cimg%20id%3D%5C%22ace%5C%22%20src%3D%5C%22fail.png%5C%22%3E%22%2C%22value%22%3A%5B%22VIOLATION%22%2C%22PASS%22%5D%2C%22reasonId%22%3A%22Pass_0%22%2C%22ruleId%22%3A%22list_markup_review%22%7D"
"report1","pass","text_quoted_correctly","Rule Passed","/html[1]/body[1]/img[1]","https://able.ibm.com/rules/archives/preview/doc/en-US/text_quoted_correctly.html#%7B%22message%22%3A%22Rule%20Passed%22%2C%22snippet%22%3A%22%3Cimg%20id%3D%5C%22ace%5C%22%20src%3D%5C%22fail.png%5C%22%3E%22%2C%22value%22%3A%5B%22VIOLATION%22%2C%22PASS%22%5D%2C%22reasonId%22%3A%22Pass_0%22%2C%22ruleId%22%3A%22text_quoted_correctly%22%7D"
"report1","pass","text_sensory_misuse","Rule Passed","/html[1]/body[1]/img[1]","https://able.ibm.com/rules/archives/preview/doc/en-US/text_sensory_misuse.html#%7B%22message%22%3A%22Rule%20Passed%22%2C%22snippet%22%3A%22%3Cimg%20id%3D%5C%22ace%5C%22%20src%3D%5C%22fail.png%5C%22%3E%22%2C%22value%22%3A%5B%22VIOLATION%22%2C%22PASS%22%5D%2C%22reasonId%22%3A%22Pass_0%22%2C%22ruleId%22%3A%22text_sensory_misuse%22%7D"
"report1","pass","text_whitespace_valid","Rule Passed","/html[1]/body[1]/img[1]","https://able.ibm.com/rules/archives/preview/doc/en-US/text_whitespace_valid.html#%7B%22message%22%3A%22Rule%20Passed%22%2C%22snippet%22%3A%22%3Cimg%20id%3D%5C%22ace%5C%22%20src%3D%5C%22fail.png%5C%22%3E%22%2C%22value%22%3A%5B%22VIOLATION%22%2C%22PASS%22%5D%2C%22reasonId%22%3A%22pass%22%2C%22ruleId%22%3A%22text_whitespace_valid%22%7D"
"report1","pass","aria_descendant_valid","The element contains valid descendants","/html[1]/body[1]/img[1]","https://able.ibm.com/rules/archives/preview/doc/en-US/aria_descendant_valid.html#%7B%22message%22%3A%22The%20element%20contains%20valid%20descendants%22%2C%22snippet%22%3A%22%3Cimg%20id%3D%5C%22ace%5C%22%20src%3D%5C%22fail.png%5C%22%3E%22%2C%22value%22%3A%5B%22VIOLATION%22%2C%22PASS%22%5D%2C%22reasonId%22%3A%22pass%22%2C%22ruleId%22%3A%22aria_descendant_valid%22%7D"
"report2","violation","html_lang_exists","Page detected as HTML, but does not have a 'lang' attribute","/html[1]","https://able.ibm.com/rules/archives/preview/doc/en-US/html_lang_exists.html#%7B%22message%22%3A%22Page%20detected%20as%20HTML%2C%20but%20does%20not%20have%20a%20'lang'%20attribute%22%2C%22snippet%22%3A%22%3Chtml%3E%22%2C%22value%22%3A%5B%22VIOLATION%22%2C%22FAIL%22%5D%2C%22reasonId%22%3A%22Fail_3%22%2C%22ruleId%22%3A%22html_lang_exists%22%7D"
"report2","potentialviolation","html_skipnav_exists","Verify there is a way to bypass blocks of content that are repeated on multiple Web pages","/html[1]","https://able.ibm.com/rules/archives/preview/doc/en-US/html_skipnav_exists.html#%7B%22message%22%3A%22Verify%20there%20is%20a%20way%20to%20bypass%20blocks%20of%20content%20that%20are%20repeated%20on%20multiple%20Web%20pages%22%2C%22snippet%22%3A%22%3Chtml%3E%22%2C%22value%22%3A%5B%22VIOLATION%22%2C%22POTENTIAL%22%5D%2C%22reasonId%22%3A%22Potential_1%22%2C%22ruleId%22%3A%22html_skipnav_exists%22%7D"
"report2","violation","page_title_exists","Missing <title> element in <head> element","/html[1]","https://able.ibm.com/rules/archives/preview/doc/en-US/page_title_exists.html#%7B%22message%22%3A%22Missing%20%3Ctitle%3E%20element%20in%20%3Chead%3E%20element%22%2C%22snippet%22%3A%22%3Chtml%3E%22%2C%22value%22%3A%5B%22VIOLATION%22%2C%22FAIL%22%5D%2C%22reasonId%22%3A%22Fail_2%22%2C%22ruleId%22%3A%22page_title_exists%22%7D"
"report2","pass","aria_content_in_landmark","Rule Passed","/html[1]","https://able.ibm.com/rules/archives/preview/doc/en-US/aria_content_in_landmark.html#%7B%22message%22%3A%22Rule%20Passed%22%2C%22snippet%22%3A%22%3Chtml%3E%22%2C%22value%22%3A%5B%22VIOLATION%22%2C%22PASS%22%5D%2C%22reasonId%22%3A%22Pass_0%22%2C%22ruleId%22%3A%22aria_content_in_landmark%22%7D"
"report2","pass","emoticons_alt_exists","Rule Passed","/html[1]","https://able.ibm.com/rules/archives/preview/doc/en-US/emoticons_alt_exists.html#%7B%22message%22%3A%22Rule%20Passed%22%2C%22snippet%22%3A%22%3Chtml%3E%22%2C%22value%22%3A%5B%22VIOLATION%22%2C%22PASS%22%5D%2C%22reasonId%22%3A%22Pass_0%22%2C%22ruleId%22%3A%22emoticons_alt_exists%22%7D"
"report2","pass","img_alt_background","Rule Passed","/html[1]","https://able.ibm.com/rules/archives/preview/doc/en-US/img_alt_background.html#%7B%22message%22%3A%22Rule%20Passed%22%2C%22snippet%22%3A%22%3Chtml%3E%22%2C%22value%22%3A%5B%22RECOMMENDATION%22%2C%22PASS%22%5D%2C%22reasonId%22%3A%22Pass_0%22%2C%22ruleId%22%3A%22img_alt_background%22%7D"
"report2","pass","list_markup_review","Rule Passed","/html[1]","https://able.ibm.com/rules/archives/preview/doc/en-US/list_markup_review.html#%7B%22message%22%3A%22Rule%20Passed%22%2C%22snippet%22%3A%22%3Chtml%3E%22%2C%22value%22%3A%5B%22VIOLATION%22%2C%22PASS%22%5D%2C%22reasonId%22%3A%22Pass_0%22%2C%22ruleId%22%3A%22list_markup_review%22%7D"
"report2","pass","aria_content_in_landmark","Rule Passed","/html[1]/head[1]","https://able.ibm.com/rules/archives/preview/doc/en-US/aria_content_in_landmark.html#%7B%22message%22%3A%22Rule%20Passed%22%2C%22snippet%22%3A%22%3Chead%3E%22%2C%22value%22%3A%5B%22VIOLATION%22%2C%22PASS%22%5D%2C%22reasonId%22%3A%22Pass_0%22%2C%22ruleId%22%3A%22aria_content_in_landmark%22%7D"
"report2","pass","emoticons_alt_exists","Rule Passed","/html[1]/head[1]","https://able.ibm.com/rules/archives/preview/doc/en-US/emoticons_alt_exists.html#%7B%22message%22%3A%22Rule%20Passed%22%2C%22snippet%22%3A%22%3Chead%3E%22%2C%22value%22%3A%5B%22VIOLATION%22%2C%22PASS%22%5D%2C%22reasonId%22%3A%22Pass_0%22%2C%22ruleId%22%3A%22emoticons_alt_exists%22%7D"
"report2","pass","img_alt_background","Rule Passed","/html[1]/head[1]","https://able.ibm.com/rules/archives/preview/doc/en-US/img_alt_background.html#%7B%22message%22%3A%22Rule%20Passed%22%2C%22snippet%22%3A%22%3Chead%3E%22%2C%22value%22%3A%5B%22RECOMMENDATION%22%2C%22PASS%22%5D%2C%22reasonId%22%3A%22Pass_0%22%2C%22ruleId%22%3A%22img_alt_background%22%7D"
"report2","pass","list_markup_review","Rule Passed","/html[1]/head[1]","https://able.ibm.com/rules/archives/preview/doc/en-US/list_markup_review.html#%7B%22message%22%3A%22Rule%20Passed%22%2C%22snippet%22%3A%22%3Chead%3E%22%2C%22value%22%3A%5B%22VIOLATION%22%2C%22PASS%22%5D%2C%22reasonId%22%3A%22Pass_0%22%2C%22ruleId%22%3A%22list_markup_review%22%7D"
"report2","violation","skip_main_exists","The page does not provide a way to quickly navigate to the main content (ARIA ""main"" landmark or a skip link)","/html[1]/body[1]","https://able.ibm.com/rules/archives/preview/doc/en-US/skip_main_exists.html#%7B%22message%22%3A%22The%20page%20does%20not%20provide%20a%20way%20to%20quickly%20navigate%20to%20the%20main%20content%20(ARIA%20%5C%22main%5C%22%20landmark%20or%20a%20skip%20link)%22%2C%22snippet%22%3A%22%3Cbody%3E%22%2C%22value%22%3A%5B%22VIOLATION%22%2C%22FAIL%22%5D%2C%22reasonId%22%3A%22Fail_1%22%2C%22ruleId%22%3A%22skip_main_exists%22%7D"
"report2","pass","text_sensory_misuse","Rule Passed","/html[1]/body[1]","https://able.ibm.com/rules/archives/preview/doc/en-US/text_sensory_misuse.html#%7B%22message%22%3A%22Rule%20Passed%22%2C%22snippet%22%3A%22%3Cbody%3E%22%2C%22value%22%3A%5B%22VIOLATION%22%2C%22PASS%22%5D%2C%22reasonId%22%3A%22Pass_0%22%2C%22ruleId%22%3A%22text_sensory_misuse%22%7D"
"report2","pass","aria_content_in_landmark","Rule Passed","/html[1]/body[1]","https://able.ibm.com/rules/archives/preview/doc/en-US/aria_content_in_landmark.html#%7B%22message%22%3A%22Rule%20Passed%22%2C%22snippet%22%3A%22%3Cbody%3E%22%2C%22value%22%3A%5B%22VIOLATION%22%2C%22PASS%22%5D%2C%22reasonId%22%3A%22Pass_0%22%2C%22ruleId%22%3A%22aria_content_in_landmark%22%7D"
"report2","pass","emoticons_alt_exists","Rule Passed","/html[1]/body[1]","https://able.ibm.com/rules/archives/preview/doc/en-US/emoticons_alt_exists.html#%7B%22message%22%3A%22Rule%20Passed%22%2C%22snippet%22%3A%22%3Cbody%3E%22%2C%22value%22%3A%5B%22VIOLATION%22%2C%22PASS%22%5D%2C%22reasonId%22%3A%22Pass_0%22%2C%22ruleId%22%3A%22emoticons_alt_exists%22%7D"
"report2","pass","img_alt_background","Rule Passed","/html[1]/body[1]","https://able.ibm.com/rules/archives/preview/doc/en-US/img_alt_background.html#%7B%22message%22%3A%22Rule%20Passed%22%2C%22snippet%22%3A%22%3Cbody%3E%22%2C%22value%22%3A%5B%22RECOMMENDATION%22%2C%22PASS%22%5D%2C%22reasonId%22%3A%22Pass_0%22%2C%22ruleId%22%3A%22img_alt_background%22%7D"
"report2","pass","list_markup_review","Rule Passed","/html[1]/body[1]","https://able.ibm.com/rules/archives/preview/doc/en-US/list_markup_review.html#%7B%22message%22%3A%22Rule%20Passed%22%2C%22snippet%22%3A%22%3Cbody%3E%22%2C%22value%22%3A%5B%22VIOLATION%22%2C%22PASS%22%5D%2C%22reasonId%22%3A%22Pass_0%22%2C%22ruleId%22%3A%22list_markup_review%22%7D"
"report2","pass","text_quoted_correctly","Rule Passed","/html[1]/body[1]","https://able.ibm.com/rules/archives/preview/doc/en-US/text_quoted_correctly.html#%7B%22message%22%3A%22Rule%20Passed%22%2C%22snippet%22%3A%22%3Cbody%3E%22%2C%22value%22%3A%5B%22VIOLATION%22%2C%22PASS%22%5D%2C%22reasonId%22%3A%22Pass_0%22%2C%22ruleId%22%3A%22text_quoted_correctly%22%7D"
"report2","pass","text_whitespace_valid","Rule Passed","/html[1]/body[1]","https://able.ibm.com/rules/archives/preview/doc/en-US/text_whitespace_valid.html#%7B%22message%22%3A%22Rule%20Passed%22%2C%22snippet%22%3A%22%3Cbody%3E%22%2C%22value%22%3A%5B%22VIOLATION%22%2C%22PASS%22%5D%2C%22reasonId%22%3A%22pass%22%2C%22ruleId%22%3A%22text_whitespace_valid%22%7D"
"report2","pass","img_alt_misuse","Rule Passed","/html[1]/body[1]/img[1]","https://able.ibm.com/rules/archives/preview/doc/en-US/img_alt_misuse.html#%7B%22message%22%3A%22Rule%20Passed%22%2C%22snippet%22%3A%22%3Cimg%20src%3D%5C%22fail.png%5C%22%3E%22%2C%22value%22%3A%5B%22VIOLATION%22%2C%22PASS%22%5D%2C%22reasonId%22%3A%22Pass_0%22%2C%22ruleId%22%3A%22img_alt_misuse%22%7D"
"report2","violation","img_alt_valid","The image has neither an alt atttribute nor an ARIA label or title","/html[1]/body[1]/img[1]","https://able.ibm.com/rules/archives/preview/doc/en-US/img_alt_valid.html#%7B%22message%22%3A%22The%20image%20has%20neither%20an%20alt%20atttribute%20nor%20an%20ARIA%20label%20or%20title%22%2C%22snippet%22%3A%22%3Cimg%20src%3D%5C%22fail.png%5C%22%3E%22%2C%22value%22%3A%5B%22VIOLATION%22%2C%22FAIL%22%5D%2C%22reasonId%22%3A%22fail_no_alt%22%2C%22ruleId%22%3A%22img_alt_valid%22%7D"
"report2","pass","aria_content_in_landmark","Rule Passed","/html[1]/body[1]/img[1]","https://able.ibm.com/rules/archives/preview/doc/en-US/aria_content_in_landmark.html#%7B%22message%22%3A%22Rule%20Passed%22%2C%22snippet%22%3A%22%3Cimg%20src%3D%5C%22fail.png%5C%22%3E%22%2C%22value%22%3A%5B%22VIOLATION%22%2C%22PASS%22%5D%2C%22reasonId%22%3A%22Pass_0%22%2C%22ruleId%22%3A%22aria_content_in_landmark%22%7D"
"report2","pass","emoticons_alt_exists","Rule Passed","/html[1]/body[1]/img[1]","https://able.ibm.com/rules/archives/preview/doc/en-US/emoticons_alt_exists.html#%7B%22message%22%3A%22Rule%20Passed%22%2C%22snippet%22%3A%22%3Cimg%20src%3D%5C%22fail.png%5C%22%3E%22%2C%22value%22%3A%5B%22VIOLATION%22%2C%22PASS%22%5D%2C%22reasonId%22%3A%22Pass_0%22%2C%22ruleId%22%3A%22emoticons_alt_exists%22%7D"
"report2","pass","img_alt_background","Rule Passed","/html[1]/body[1]/img[1]","https://able.ibm.com/rules/archives/preview/doc/en-US/img_alt_background.html#%7B%22message%22%3A%22Rule%20Passed%22%2C%22snippet%22%3A%22%3Cimg%20src%3D%5C%22fail.png%5C%22%3E%22%2C%22value%22%3A%5B%22RECOMMENDATION%22%2C%22PASS%22%5D%2C%22reasonId%22%3A%22Pass_0%22%2C%22ruleId%22%3A%22img_alt_background%22%7D"
"report2","pass","list_markup_review","Rule Passed","/html[1]/body[1]/img[1]","https://able.ibm.com/rules/archives/preview/doc/en-US/list_markup_review.html#%7B%22message%22%3A%22Rule%20Passed%22%2C%22snippet%22%3A%22%3Cimg%20src%3D%5C%22fail.png%5C%22%3E%22%2C%22value%22%3A%5B%22VIOLATION%22%2C%22PASS%22%5D%2C%22reasonId%22%3A%22Pass_0%22%2C%22ruleId%22%3A%22list_markup_review%22%7D"
"report2","pass","text_quoted_correctly","Rule Passed","/html[1]/body[1]/img[1]","https://able.ibm.com/rules/archives/preview/doc/en-US/text_quoted_correctly.html#%7B%22message%22%3A%22Rule%20Passed%22%2C%22snippet%22%3A%22%3Cimg%20src%3D%5C%22fail.png%5C%22%3E%22%2C%22value%22%3A%5B%22VIOLATION%22%2C%22PASS%22%5D%2C%22reasonId%22%3A%22Pass_0%22%2C%22ruleId%22%3A%22text_quoted_correctly%22%7D"
"report2","pass","text_sensory_misuse","Rule Passed","/html[1]/body[1]/img[1]","https://able.ibm.com/rules/archives/preview/doc/en-US/text_sensory_misuse.html#%7B%22message%22%3A%22Rule%20Passed%22%2C%22snippet%22%3A%22%3Cimg%20src%3D%5C%22fail.png%5C%22%3E%22%2C%22value%22%3A%5B%22VIOLATION%22%2C%22PASS%22%5D%2C%22reasonId%22%3A%22Pass_0%22%2C%22ruleId%22%3A%22text_sensory_misuse%22%7D"
"report2","pass","text_whitespace_valid","Rule Passed","/html[1]/body[1]/img[1]","https://able.ibm.com/rules/archives/preview/doc/en-US/text_whitespace_valid.html#%7B%22message%22%3A%22Rule%20Passed%22%2C%22snippet%22%3A%22%3Cimg%20src%3D%5C%22fail.png%5C%22%3E%22%2C%22value%22%3A%5B%22VIOLATION%22%2C%22PASS%22%5D%2C%22reasonId%22%3A%22pass%22%2C%22ruleId%22%3A%22text_whitespace_valid%22%7D"
"report2","pass","aria_descendant_valid","The element contains valid descendants","/html[1]/body[1]/img[1]","https://able.ibm.com/rules/archives/preview/doc/en-US/aria_descendant_valid.html#%7B%22message%22%3A%22The%20element%20contains%20valid%20descendants%22%2C%22snippet%22%3A%22%3Cimg%20src%3D%5C%22fail.png%5C%22%3E%22%2C%22value%22%3A%5B%22VIOLATION%22%2C%22PASS%22%5D%2C%22reasonId%22%3A%22pass%22%2C%22ruleId%22%3A%22aria_descendant_valid%22%7D"
"report2","pass","img_alt_misuse","Rule Passed","/html[1]/body[1]/img[2]","https://able.ibm.com/rules/archives/preview/doc/en-US/img_alt_misuse.html#%7B%22message%22%3A%22Rule%20Passed%22%2C%22snippet%22%3A%22%3Cimg%20src%3D%5C%22fail.png%5C%22%3E%22%2C%22value%22%3A%5B%22VIOLATION%22%2C%22PASS%22%5D%2C%22reasonId%22%3A%22Pass_0%22%2C%22ruleId%22%3A%22img_alt_misuse%22%7D"
"report2","violation","img_alt_valid","The image has neither an alt atttribute nor an ARIA label or title","/html[1]/body[1]/img[2]","https://able.ibm.com/rules/archives/preview/doc/en-US/img_alt_valid.html#%7B%22message%22%3A%22The%20image%20has%20neither%20an%20alt%20atttribute%20nor%20an%20ARIA%20label%20or%20title%22%2C%22snippet%22%3A%22%3Cimg%20src%3D%5C%22fail.png%5C%22%3E%22%2C%22value%22%3A%5B%22VIOLATION%22%2C%22FAIL%22%5D%2C%22reasonId%22%3A%22fail_no_alt%22%2C%22ruleId%22%3A%22img_alt_valid%22%7D"
"report2","pass","aria_content_in_landmark","Rule Passed","/html[1]/body[1]/img[2]","https://able.ibm.com/rules/archives/preview/doc/en-US/aria_content_in_landmark.html#%7B%22message%22%3A%22Rule%20Passed%22%2C%22snippet%22%3A%22%3Cimg%20src%3D%5C%22fail.png%5C%22%3E%22%2C%22value%22%3A%5B%22VIOLATION%22%2C%22PASS%22%5D%2C%22reasonId%22%3A%22Pass_0%22%2C%22ruleId%22%3A%22aria_content_in_landmark%22%7D"
"report2","pass","emoticons_alt_exists","Rule Passed","/html[1]/body[1]/img[2]","https://able.ibm.com/rules/archives/preview/doc/en-US/emoticons_alt_exists.html#%7B%22message%22%3A%22Rule%20Passed%22%2C%22snippet%22%3A%22%3Cimg%20src%3D%5C%22fail.png%5C%22%3E%22%2C%22value%22%3A%5B%22VIOLATION%22%2C%22PASS%22%5D%2C%22reasonId%22%3A%22Pass_0%22%2C%22ruleId%22%3A%22emoticons_alt_exists%22%7D"
"report2","pass","img_alt_background","Rule Passed","/html[1]/body[1]/img[2]","https://able.ibm.com/rules/archives/preview/doc/en-US/img_alt_background.html#%7B%22message%22%3A%22Rule%20Passed%22%2C%22snippet%22%3A%22%3Cimg%20src%3D%5C%22fail.png%5C%22%3E%22%2C%22value%22%3A%5B%22RECOMMENDATION%22%2C%22PASS%22%5D%2C%22reasonId%22%3A%22Pass_0%22%2C%22ruleId%22%3A%22img_alt_background%22%7D"
"report2","pass","list_markup_review","Rule Passed","/html[1]/body[1]/img[2]","https://able.ibm.com/rules/archives/preview/doc/en-US/list_markup_review.html#%7B%22message%22%3A%22Rule%20Passed%22%2C%22snippet%22%3A%22%3Cimg%20src%3D%5C%22fail.png%5C%22%3E%22%2C%22value%22%3A%5B%22VIOLATION%22%2C%22PASS%22%5D%2C%22reasonId%22%3A%22Pass_0%22%2C%22ruleId%22%3A%22list_markup_review%22%7D"
"report2","pass","text_quoted_correctly","Rule Passed","/html[1]/body[1]/img[2]","https://able.ibm.com/rules/archives/preview/doc/en-US/text_quoted_correctly.html#%7B%22message%22%3A%22Rule%20Passed%22%2C%22snippet%22%3A%22%3Cimg%20src%3D%5C%22fail.png%5C%22%3E%22%2C%22value%22%3A%5B%22VIOLATION%22%2C%22PASS%22%5D%2C%22reasonId%22%3A%22Pass_0%22%2C%22ruleId%22%3A%22text_quoted_correctly%22%7D"
"report2","pass","text_sensory_misuse","Rule Passed","/html[1]/body[1]/img[2]","https://able.ibm.com/rules/archives/preview/doc/en-US/text_sensory_misuse.html#%7B%22message%22%3A%22Rule%20Passed%22%2C%22snippet%22%3A%22%3Cimg%20src%3D%5C%22fail.png%5C%22%3E%22%2C%22value%22%3A%5B%22VIOLATION%22%2C%22PASS%22%5D%2C%22reasonId%22%3A%22Pass_0%22%2C%22ruleId%22%3A%22text_sensory_misuse%22%7D"
"report2","pass","text_whitespace_valid","Rule Passed","/html[1]/body[1]/img[2]","https://able.ibm.com/rules/archives/preview/doc/en-US/text_whitespace_valid.html#%7B%22message%22%3A%22Rule%20Passed%22%2C%22snippet%22%3A%22%3Cimg%20src%3D%5C%22fail.png%5C%22%3E%22%2C%22value%22%3A%5B%22VIOLATION%22%2C%22PASS%22%5D%2C%22reasonId%22%3A%22pass%22%2C%22ruleId%22%3A%22text_whitespace_valid%22%7D"
"report2","pass","aria_descendant_valid","The element contains valid descendants","/html[1]/body[1]/img[2]","https://able.ibm.com/rules/archives/preview/doc/en-US/aria_descendant_valid.html#%7B%22message%22%3A%22The%20element%20contains%20valid%20descendants%22%2C%22snippet%22%3A%22%3Cimg%20src%3D%5C%22fail.png%5C%22%3E%22%2C%22value%22%3A%5B%22VIOLATION%22%2C%22PASS%22%5D%2C%22reasonId%22%3A%22pass%22%2C%22ruleId%22%3A%22aria_descendant_valid%22%7D"
