{
    "counts": {
        "ignored": 10,
        "violation": 1,
        "recommendation": 0,
        "pass": 58,
        "potentialviolation": 0,
        "potentialrecommendation": 0,
        "manual": 0,
        "elements": 9,
        "elementsViolation": 1,
        "elementsViolationReview": 1
    },
    "startReport": 1686937348053,
    "endReport": 1686945479477,
    "toolID": "accessibility-checker-v3.0.0",
    "policies": [
        "IBM_Accessibility"
    ],
    "reportLevels": [
        "violation",
        "potentialviolation",
        "recommendation",
        "potentialrecommendation",
        "manual",
        "pass"
    ],
    "labels": [
        "Chrome",
        "master",
        "IBMa-Node-TeSt"
    ],
    "failLevels": [
        "violation",
        "potentialviolation"
    ],
    "scanID": "37224196-4754-478e-a01e-93ca3116a327",
    "pageScanSummary": [
        {
            "label": "report1",
            "counts": {
                "violation": 0,
                "potentialviolation": 0,
                "recommendation": 0,
                "potentialrecommendation": 0,
                "manual": 0,
                "pass": 25,
                "ignored": 5,
                "elements": 4,
                "elementsViolation": 0,
                "elementsViolationReview": 0
            }
        },
        {
            "label": "report2",
            "counts": {
                "violation": 1,
                "potentialviolation": 0,
                "recommendation": 0,
                "potentialrecommendation": 0,
                "manual": 0,
                "pass": 33,
                "ignored": 5,
                "elements": 5,
                "elementsViolation": 1,
                "elementsViolationReview": 1
            }
        }
    ]
}